// Jest Snapshot v1, https://goo.gl/fbAQLP

exports[`UsersList render a snapshot properly 1`] = `
<div>
  <h4
    className="box title is-4"
  >
    kenessajr
  </h4>
  <h4
    className="box title is-4"
  >
    kenessa
  </h4>
</div>
`;
